<html>
<body>
<pre>
<h1>礦ision Build Log</h1>
<h2>Tool Versions:</h2>
IDE-Version: μVision V5.14.0.0
Copyright (C) 2015 ARM Ltd and ARM Germany GmbH. All rights reserved.
License Information: LL evilsin, HHUC, LIC=LJWBS-L06GG-AUV4J-UHI0J-19VM8-YEGF9
 
Tool Versions:
Toolchain:       MDK-ARM Professional  Version: 5.14.0.0
Toolchain Path:  E:\MDK5\ARM\ARMCC\Bin
C Compiler:      Armcc.exe V5.05 update 1 (build 106)
Assembler:       Armasm.exe V5.05 update 1 (build 106)
Linker/Locator:  ArmLink.exe V5.05 update 1 (build 106)
Library Manager: ArmAr.exe V5.05 update 1 (build 106)
Hex Converter:   FromElf.exe V5.05 update 1 (build 106)
CPU DLL:         SARMCM3.DLL V5.14.0.0
Dialog DLL:      DCM.DLL V1.13.1.0
Target DLL:      CMSIS_AGDI.dll V1.21.0.0
Dialog DLL:      TCM.DLL V1.14.4.0
 
<h2>Project:</h2>
E:\创新实践\国电设\code\code\code\end\核心板完整程序\FDC2214_STM32\Project\FDC2214_STM32.uvprojx
Project File Date:  08/10/2019

<h2>Output:</h2>
Build target 'Target 1'
compiling core_cm3.c...
compiling system_stm32f10x.c...
assembling startup_stm32f10x_hd.s...
compiling misc.c...
compiling stm32f10x_adc.c...
compiling stm32f10x_bkp.c...
compiling stm32f10x_can.c...
compiling stm32f10x_cec.c...
compiling stm32f10x_crc.c...
compiling stm32f10x_dac.c...
compiling stm32f10x_dbgmcu.c...
compiling stm32f10x_dma.c...
compiling stm32f10x_exti.c...
compiling stm32f10x_flash.c...
compiling stm32f10x_fsmc.c...
compiling stm32f10x_gpio.c...
compiling stm32f10x_i2c.c...
compiling stm32f10x_iwdg.c...
compiling stm32f10x_pwr.c...
compiling stm32f10x_rcc.c...
compiling stm32f10x_rtc.c...
compiling stm32f10x_sdio.c...
compiling stm32f10x_spi.c...
compiling stm32f10x_tim.c...
compiling stm32f10x_usart.c...
compiling stm32f10x_wwdg.c...
compiling Delay.c...
compiling main.c...
..\Hardware\bsp_beep.h(14): warning:  #47-D: incompatible redefinition of macro "ON" (declared at line 29 of "..\Hardware\bsp_led.h")
  #define ON  1
..\Hardware\bsp_beep.h(15): warning:  #47-D: incompatible redefinition of macro "OFF" (declared at line 30 of "..\Hardware\bsp_led.h")
  #define OFF 0
..\USER\main.c(226): warning:  #177-D: function "szlb" was declared but never referenced
  static double szlb(double _data)
..\USER\main.c(261): warning:  #177-D: function "nihe_result" was declared but never referenced
  static double nihe_result(double data)
..\USER\main.c: 4 warnings, 0 errors
compiling stm32f10x_it.c...
compiling FDC2214.c...
compiling IIC.c...
compiling USART_1.c...
compiling OLED_I2C.c...
..\Hardware\OLED_I2C.c(348): warning:  #1-D: last line of file ends without a newline
  }
..\Hardware\OLED_I2C.c: 1 warning, 0 errors
compiling bsp_key.c...
compiling bsp_led.c...
compiling bsp_beep.c...
linking...
Program Size: Code=9876 RO-data=2408 RW-data=232 ZI-data=1056  
FromELF: creating hex file...
".\Objects\FDC2214_STM32.axf" - 0 Error(s), 5 Warning(s).

<h2>Collection of Component include folders:</h2>
  E:\创新实践\国电设\code\code\code\end\核心板完整程序\FDC2214_STM32\Project\RTE
  E:\MDK5\ARM\PACK\Keil\STM32F1xx_DFP\1.0.5\Device\Include

<h2>Collection of Component Files used:</h2>
</pre>
</body>
</html>
